---
source: src/changelog/v1.rs
expression: "Changelog::from(ir_changelog)"
---
title: Title 1
unreleased:
  url: "https://example.org/unreleased/1"
  changes:
    - kind: Added
      changes:
        - Add foo
        - Add bar
releases:
  - version: 1.0.0
    url: "https://example.org/release/1.0.0"
    date: 2025-01-01
    yanked: false
    changes:
      - kind: Changed
        changes:
          - Change foo
          - Change bar
  - version: 0.1.0
    url: "https://example.org/release/0.1.0"
    date: 2024-01-01
    yanked: true
    changes:
      - kind: Changed
        changes:
          - Change baz
          - Change quux
