---
source: src/ast/parser.rs
expression: blocks
---
- Heading:
    span:
      start: 0
      end: 15
    level: 2
    inlines:
      - Link:
          span:
            start: 3
            end: 15
          content:
            span:
              start: 4
              end: 14
          target: "https://example.org/"
