---
source: src/linter/checks/content.rs
expression: linter.lint(&changelog)
---
- rule: EmptySection
  location:
    start: 2
    end: 18446744073709551615
  path: ~
- rule: EmptySection
  location:
    start: 3
    end: 18446744073709551615
  path: ~
- rule: EmptySection
  location:
    start: 4
    end: 18446744073709551615
  path: ~
